Archive member included to satisfy reference by file (symbol)

/usr/bin/../lib/gcc/arm-none-eabi/8.2.1/../../../../arm-none-eabi/lib/thumb/v6-m/nofp/libc_nano.a(lib_a-exit.o)
                              /usr/bin/../lib/gcc/arm-none-eabi/8.2.1/../../../../arm-none-eabi/lib/thumb/v6-m/nofp/crt0.o (exit)
/usr/bin/../lib/gcc/arm-none-eabi/8.2.1/../../../../arm-none-eabi/lib/thumb/v6-m/nofp/libc_nano.a(lib_a-impure.o)
                              /usr/bin/../lib/gcc/arm-none-eabi/8.2.1/../../../../arm-none-eabi/lib/thumb/v6-m/nofp/libc_nano.a(lib_a-exit.o) (_global_impure_ptr)
/usr/bin/../lib/gcc/arm-none-eabi/8.2.1/../../../../arm-none-eabi/lib/thumb/v6-m/nofp/libc_nano.a(lib_a-init.o)
                              /usr/bin/../lib/gcc/arm-none-eabi/8.2.1/../../../../arm-none-eabi/lib/thumb/v6-m/nofp/crt0.o (__libc_init_array)
/usr/bin/../lib/gcc/arm-none-eabi/8.2.1/../../../../arm-none-eabi/lib/thumb/v6-m/nofp/libc_nano.a(lib_a-memset.o)
                              /usr/bin/../lib/gcc/arm-none-eabi/8.2.1/../../../../arm-none-eabi/lib/thumb/v6-m/nofp/crt0.o (memset)
/usr/bin/../lib/gcc/arm-none-eabi/8.2.1/../../../../arm-none-eabi/lib/thumb/v6-m/nofp/libnosys.a(_exit.o)
                              /usr/bin/../lib/gcc/arm-none-eabi/8.2.1/../../../../arm-none-eabi/lib/thumb/v6-m/nofp/libc_nano.a(lib_a-exit.o) (_exit)
/usr/bin/../lib/gcc/arm-none-eabi/8.2.1/thumb/v6-m/nofp/libgcc.a(_udivsi3.o)
                              build/system_stm32l0xx.o (__aeabi_uidiv)
/usr/bin/../lib/gcc/arm-none-eabi/8.2.1/thumb/v6-m/nofp/libgcc.a(_dvmd_tls.o)
                              /usr/bin/../lib/gcc/arm-none-eabi/8.2.1/thumb/v6-m/nofp/libgcc.a(_udivsi3.o) (__aeabi_idiv0)

Discarded input sections

 .text          0x0000000000000000        0x0 /usr/bin/../lib/gcc/arm-none-eabi/8.2.1/thumb/v6-m/nofp/crti.o
 .data          0x0000000000000000        0x0 /usr/bin/../lib/gcc/arm-none-eabi/8.2.1/thumb/v6-m/nofp/crti.o
 .bss           0x0000000000000000        0x0 /usr/bin/../lib/gcc/arm-none-eabi/8.2.1/thumb/v6-m/nofp/crti.o
 .data          0x0000000000000000        0x4 /usr/bin/../lib/gcc/arm-none-eabi/8.2.1/thumb/v6-m/nofp/crtbegin.o
 .text          0x0000000000000000       0x78 /usr/bin/../lib/gcc/arm-none-eabi/8.2.1/../../../../arm-none-eabi/lib/thumb/v6-m/nofp/crt0.o
 .data          0x0000000000000000        0x0 /usr/bin/../lib/gcc/arm-none-eabi/8.2.1/../../../../arm-none-eabi/lib/thumb/v6-m/nofp/crt0.o
 .bss           0x0000000000000000        0x0 /usr/bin/../lib/gcc/arm-none-eabi/8.2.1/../../../../arm-none-eabi/lib/thumb/v6-m/nofp/crt0.o
 .ARM.extab     0x0000000000000000        0x0 /usr/bin/../lib/gcc/arm-none-eabi/8.2.1/../../../../arm-none-eabi/lib/thumb/v6-m/nofp/crt0.o
 .ARM.exidx     0x0000000000000000        0x8 /usr/bin/../lib/gcc/arm-none-eabi/8.2.1/../../../../arm-none-eabi/lib/thumb/v6-m/nofp/crt0.o
 .ARM.attributes
                0x0000000000000000       0x1b /usr/bin/../lib/gcc/arm-none-eabi/8.2.1/../../../../arm-none-eabi/lib/thumb/v6-m/nofp/crt0.o
 .text          0x0000000000000000        0x0 build/main.o
 .data          0x0000000000000000        0x0 build/main.o
 .bss           0x0000000000000000        0x0 build/main.o
 .text          0x0000000000000000        0x0 build/stm32l0xx_it.o
 .data          0x0000000000000000        0x0 build/stm32l0xx_it.o
 .bss           0x0000000000000000        0x0 build/stm32l0xx_it.o
 .text.getTicks
                0x0000000000000000        0xc build/stm32l0xx_it.o
 .text          0x0000000000000000        0x0 build/system_stm32l0xx.o
 .data          0x0000000000000000        0x0 build/system_stm32l0xx.o
 .bss           0x0000000000000000        0x0 build/system_stm32l0xx.o
 .rodata.APBPrescTable
                0x0000000000000000        0x8 build/system_stm32l0xx.o
 .text          0x0000000000000000        0x0 build/Sys.o
 .data          0x0000000000000000        0x0 build/Sys.o
 .bss           0x0000000000000000        0x0 build/Sys.o
 .text          0x0000000000000000        0x0 build/neopixel.o
 .data          0x0000000000000000        0x0 build/neopixel.o
 .bss           0x0000000000000000        0x0 build/neopixel.o
 .text          0x0000000000000000       0x14 build/startup_stm32l010x4.o
 .data          0x0000000000000000        0x0 build/startup_stm32l010x4.o
 .bss           0x0000000000000000        0x0 build/startup_stm32l010x4.o
 .text          0x0000000000000000        0x0 /usr/bin/../lib/gcc/arm-none-eabi/8.2.1/../../../../arm-none-eabi/lib/thumb/v6-m/nofp/libc_nano.a(lib_a-exit.o)
 .data          0x0000000000000000        0x0 /usr/bin/../lib/gcc/arm-none-eabi/8.2.1/../../../../arm-none-eabi/lib/thumb/v6-m/nofp/libc_nano.a(lib_a-exit.o)
 .bss           0x0000000000000000        0x0 /usr/bin/../lib/gcc/arm-none-eabi/8.2.1/../../../../arm-none-eabi/lib/thumb/v6-m/nofp/libc_nano.a(lib_a-exit.o)
 .text.exit     0x0000000000000000       0x2c /usr/bin/../lib/gcc/arm-none-eabi/8.2.1/../../../../arm-none-eabi/lib/thumb/v6-m/nofp/libc_nano.a(lib_a-exit.o)
 .debug_frame   0x0000000000000000       0x28 /usr/bin/../lib/gcc/arm-none-eabi/8.2.1/../../../../arm-none-eabi/lib/thumb/v6-m/nofp/libc_nano.a(lib_a-exit.o)
 .ARM.attributes
                0x0000000000000000       0x2c /usr/bin/../lib/gcc/arm-none-eabi/8.2.1/../../../../arm-none-eabi/lib/thumb/v6-m/nofp/libc_nano.a(lib_a-exit.o)
 .text          0x0000000000000000        0x0 /usr/bin/../lib/gcc/arm-none-eabi/8.2.1/../../../../arm-none-eabi/lib/thumb/v6-m/nofp/libc_nano.a(lib_a-impure.o)
 .data          0x0000000000000000        0x0 /usr/bin/../lib/gcc/arm-none-eabi/8.2.1/../../../../arm-none-eabi/lib/thumb/v6-m/nofp/libc_nano.a(lib_a-impure.o)
 .bss           0x0000000000000000        0x0 /usr/bin/../lib/gcc/arm-none-eabi/8.2.1/../../../../arm-none-eabi/lib/thumb/v6-m/nofp/libc_nano.a(lib_a-impure.o)
 .data._impure_ptr
                0x0000000000000000        0x4 /usr/bin/../lib/gcc/arm-none-eabi/8.2.1/../../../../arm-none-eabi/lib/thumb/v6-m/nofp/libc_nano.a(lib_a-impure.o)
 .data.impure_data
                0x0000000000000000       0x60 /usr/bin/../lib/gcc/arm-none-eabi/8.2.1/../../../../arm-none-eabi/lib/thumb/v6-m/nofp/libc_nano.a(lib_a-impure.o)
 .rodata._global_impure_ptr
                0x0000000000000000        0x4 /usr/bin/../lib/gcc/arm-none-eabi/8.2.1/../../../../arm-none-eabi/lib/thumb/v6-m/nofp/libc_nano.a(lib_a-impure.o)
 .ARM.attributes
                0x0000000000000000       0x2c /usr/bin/../lib/gcc/arm-none-eabi/8.2.1/../../../../arm-none-eabi/lib/thumb/v6-m/nofp/libc_nano.a(lib_a-impure.o)
 .text          0x0000000000000000        0x0 /usr/bin/../lib/gcc/arm-none-eabi/8.2.1/../../../../arm-none-eabi/lib/thumb/v6-m/nofp/libc_nano.a(lib_a-init.o)
 .data          0x0000000000000000        0x0 /usr/bin/../lib/gcc/arm-none-eabi/8.2.1/../../../../arm-none-eabi/lib/thumb/v6-m/nofp/libc_nano.a(lib_a-init.o)
 .bss           0x0000000000000000        0x0 /usr/bin/../lib/gcc/arm-none-eabi/8.2.1/../../../../arm-none-eabi/lib/thumb/v6-m/nofp/libc_nano.a(lib_a-init.o)
 .text          0x0000000000000000        0x0 /usr/bin/../lib/gcc/arm-none-eabi/8.2.1/../../../../arm-none-eabi/lib/thumb/v6-m/nofp/libc_nano.a(lib_a-memset.o)
 .data          0x0000000000000000        0x0 /usr/bin/../lib/gcc/arm-none-eabi/8.2.1/../../../../arm-none-eabi/lib/thumb/v6-m/nofp/libc_nano.a(lib_a-memset.o)
 .bss           0x0000000000000000        0x0 /usr/bin/../lib/gcc/arm-none-eabi/8.2.1/../../../../arm-none-eabi/lib/thumb/v6-m/nofp/libc_nano.a(lib_a-memset.o)
 .text.memset   0x0000000000000000       0x10 /usr/bin/../lib/gcc/arm-none-eabi/8.2.1/../../../../arm-none-eabi/lib/thumb/v6-m/nofp/libc_nano.a(lib_a-memset.o)
 .debug_frame   0x0000000000000000       0x20 /usr/bin/../lib/gcc/arm-none-eabi/8.2.1/../../../../arm-none-eabi/lib/thumb/v6-m/nofp/libc_nano.a(lib_a-memset.o)
 .ARM.attributes
                0x0000000000000000       0x2c /usr/bin/../lib/gcc/arm-none-eabi/8.2.1/../../../../arm-none-eabi/lib/thumb/v6-m/nofp/libc_nano.a(lib_a-memset.o)
 .text          0x0000000000000000        0x0 /usr/bin/../lib/gcc/arm-none-eabi/8.2.1/../../../../arm-none-eabi/lib/thumb/v6-m/nofp/libnosys.a(_exit.o)
 .data          0x0000000000000000        0x0 /usr/bin/../lib/gcc/arm-none-eabi/8.2.1/../../../../arm-none-eabi/lib/thumb/v6-m/nofp/libnosys.a(_exit.o)
 .bss           0x0000000000000000        0x0 /usr/bin/../lib/gcc/arm-none-eabi/8.2.1/../../../../arm-none-eabi/lib/thumb/v6-m/nofp/libnosys.a(_exit.o)
 .text._exit    0x0000000000000000        0x4 /usr/bin/../lib/gcc/arm-none-eabi/8.2.1/../../../../arm-none-eabi/lib/thumb/v6-m/nofp/libnosys.a(_exit.o)
 .debug_frame   0x0000000000000000       0x20 /usr/bin/../lib/gcc/arm-none-eabi/8.2.1/../../../../arm-none-eabi/lib/thumb/v6-m/nofp/libnosys.a(_exit.o)
 .ARM.attributes
                0x0000000000000000       0x2c /usr/bin/../lib/gcc/arm-none-eabi/8.2.1/../../../../arm-none-eabi/lib/thumb/v6-m/nofp/libnosys.a(_exit.o)
 .data          0x0000000000000000        0x0 /usr/bin/../lib/gcc/arm-none-eabi/8.2.1/thumb/v6-m/nofp/libgcc.a(_udivsi3.o)
 .bss           0x0000000000000000        0x0 /usr/bin/../lib/gcc/arm-none-eabi/8.2.1/thumb/v6-m/nofp/libgcc.a(_udivsi3.o)
 .data          0x0000000000000000        0x0 /usr/bin/../lib/gcc/arm-none-eabi/8.2.1/thumb/v6-m/nofp/libgcc.a(_dvmd_tls.o)
 .bss           0x0000000000000000        0x0 /usr/bin/../lib/gcc/arm-none-eabi/8.2.1/thumb/v6-m/nofp/libgcc.a(_dvmd_tls.o)
 .text          0x0000000000000000        0x0 /usr/bin/../lib/gcc/arm-none-eabi/8.2.1/thumb/v6-m/nofp/crtend.o
 .data          0x0000000000000000        0x0 /usr/bin/../lib/gcc/arm-none-eabi/8.2.1/thumb/v6-m/nofp/crtend.o
 .bss           0x0000000000000000        0x0 /usr/bin/../lib/gcc/arm-none-eabi/8.2.1/thumb/v6-m/nofp/crtend.o
 .eh_frame      0x0000000000000000        0x4 /usr/bin/../lib/gcc/arm-none-eabi/8.2.1/thumb/v6-m/nofp/crtend.o
 .ARM.attributes
                0x0000000000000000       0x2c /usr/bin/../lib/gcc/arm-none-eabi/8.2.1/thumb/v6-m/nofp/crtend.o
 .text          0x0000000000000000        0x0 /usr/bin/../lib/gcc/arm-none-eabi/8.2.1/thumb/v6-m/nofp/crtn.o
 .data          0x0000000000000000        0x0 /usr/bin/../lib/gcc/arm-none-eabi/8.2.1/thumb/v6-m/nofp/crtn.o
 .bss           0x0000000000000000        0x0 /usr/bin/../lib/gcc/arm-none-eabi/8.2.1/thumb/v6-m/nofp/crtn.o

Memory Configuration

Name             Origin             Length             Attributes
RAM              0x0000000020000000 0x0000000000000800 xrw
FLASH            0x0000000008000000 0x0000000000004000 xr
*default*        0x0000000000000000 0xffffffffffffffff

Linker script and memory map

LOAD /usr/bin/../lib/gcc/arm-none-eabi/8.2.1/thumb/v6-m/nofp/crti.o
LOAD /usr/bin/../lib/gcc/arm-none-eabi/8.2.1/thumb/v6-m/nofp/crtbegin.o
LOAD /usr/bin/../lib/gcc/arm-none-eabi/8.2.1/../../../../arm-none-eabi/lib/thumb/v6-m/nofp/crt0.o
LOAD build/main.o
LOAD build/stm32l0xx_it.o
LOAD build/system_stm32l0xx.o
LOAD build/Sys.o
LOAD build/neopixel.o
LOAD build/startup_stm32l010x4.o
LOAD /usr/bin/../lib/gcc/arm-none-eabi/8.2.1/../../../../arm-none-eabi/lib/thumb/v6-m/nofp/libc_nano.a
LOAD /usr/bin/../lib/gcc/arm-none-eabi/8.2.1/../../../../arm-none-eabi/lib/thumb/v6-m/nofp/libm.a
LOAD /usr/bin/../lib/gcc/arm-none-eabi/8.2.1/../../../../arm-none-eabi/lib/thumb/v6-m/nofp/libnosys.a
START GROUP
LOAD /usr/bin/../lib/gcc/arm-none-eabi/8.2.1/thumb/v6-m/nofp/libgcc.a
LOAD /usr/bin/../lib/gcc/arm-none-eabi/8.2.1/../../../../arm-none-eabi/lib/thumb/v6-m/nofp/libc_nano.a
END GROUP
START GROUP
LOAD /usr/bin/../lib/gcc/arm-none-eabi/8.2.1/thumb/v6-m/nofp/libgcc.a
LOAD /usr/bin/../lib/gcc/arm-none-eabi/8.2.1/../../../../arm-none-eabi/lib/thumb/v6-m/nofp/libc_nano.a
END GROUP
LOAD /usr/bin/../lib/gcc/arm-none-eabi/8.2.1/thumb/v6-m/nofp/crtend.o
LOAD /usr/bin/../lib/gcc/arm-none-eabi/8.2.1/thumb/v6-m/nofp/crtn.o
                0x0000000020000800                _estack = (ORIGIN (RAM) + LENGTH (RAM))
                0x0000000000000200                _Min_Heap_Size = 0x200
                0x0000000000000400                _Min_Stack_Size = 0x400

.isr_vector     0x0000000008000000       0xc0
                0x0000000008000000                . = ALIGN (0x4)
 *(.isr_vector)
 .isr_vector    0x0000000008000000       0xc0 build/startup_stm32l010x4.o
                0x0000000008000000                g_pfnVectors
                0x00000000080000c0                . = ALIGN (0x4)

.text           0x00000000080000c0      0x5b4
                0x00000000080000c0                . = ALIGN (0x4)
 *(.text)
 .text          0x00000000080000c0       0x48 /usr/bin/../lib/gcc/arm-none-eabi/8.2.1/thumb/v6-m/nofp/crtbegin.o
 .text          0x0000000008000108      0x114 /usr/bin/../lib/gcc/arm-none-eabi/8.2.1/thumb/v6-m/nofp/libgcc.a(_udivsi3.o)
                0x0000000008000108                __udivsi3
                0x0000000008000108                __aeabi_uidiv
                0x0000000008000214                __aeabi_uidivmod
 .text          0x000000000800021c        0x4 /usr/bin/../lib/gcc/arm-none-eabi/8.2.1/thumb/v6-m/nofp/libgcc.a(_dvmd_tls.o)
                0x000000000800021c                __aeabi_ldiv0
                0x000000000800021c                __aeabi_idiv0
 *(.text*)
 .text.main     0x0000000008000220        0xc build/main.o
                0x0000000008000220                main
 .text.NMI_Handler
                0x000000000800022c        0x2 build/stm32l0xx_it.o
                0x000000000800022c                NMI_Handler
 .text.HardFault_Handler
                0x000000000800022e        0x2 build/stm32l0xx_it.o
                0x000000000800022e                HardFault_Handler
 .text.SVC_Handler
                0x0000000008000230        0x2 build/stm32l0xx_it.o
                0x0000000008000230                SVC_Handler
 .text.PendSV_Handler
                0x0000000008000232        0x2 build/stm32l0xx_it.o
                0x0000000008000232                PendSV_Handler
 .text.SysTick_Handler
                0x0000000008000234        0xc build/stm32l0xx_it.o
                0x0000000008000234                SysTick_Handler
 .text.SystemInit
                0x0000000008000240        0x2 build/system_stm32l0xx.o
                0x0000000008000240                SystemInit
 *fill*         0x0000000008000242        0x2 
 .text.SystemCoreClockUpdate
                0x0000000008000244       0xf0 build/system_stm32l0xx.o
                0x0000000008000244                SystemCoreClockUpdate
 .text.InitClocks
                0x0000000008000334       0xa0 build/Sys.o
                0x0000000008000334                InitClocks
 .text.InitSPI  0x00000000080003d4       0x7c build/Sys.o
                0x00000000080003d4                InitSPI
 .text.InitGPIO
                0x0000000008000450       0x64 build/Sys.o
                0x0000000008000450                InitGPIO
 .text.InitSys  0x00000000080004b4       0x18 build/Sys.o
                0x00000000080004b4                InitSys
 .text.SpiWrite
                0x00000000080004cc       0x18 build/Sys.o
                0x00000000080004cc                SpiWrite
 .text.getNextDat
                0x00000000080004e4       0x54 build/neopixel.o
                0x00000000080004e4                getNextDat
 .text.writeData
                0x0000000008000538       0x3c build/neopixel.o
                0x0000000008000538                writeData
 .text.SPI1_IRQHandler
                0x0000000008000574       0x1c build/neopixel.o
                0x0000000008000574                SPI1_IRQHandler
 .text.Reset_Handler
                0x0000000008000590       0x80 build/startup_stm32l010x4.o
                0x0000000008000590                Reset_Handler
 .text.Default_Handler
                0x0000000008000610        0x2 build/startup_stm32l010x4.o
                0x0000000008000610                I2C1_IRQHandler
                0x0000000008000610                EXTI2_3_IRQHandler
                0x0000000008000610                ADC1_IRQHandler
                0x0000000008000610                RTC_IRQHandler
                0x0000000008000610                EXTI4_15_IRQHandler
                0x0000000008000610                RCC_IRQHandler
                0x0000000008000610                DMA1_Channel1_IRQHandler
                0x0000000008000610                Default_Handler
                0x0000000008000610                DMA1_Channel4_5_IRQHandler
                0x0000000008000610                EXTI0_1_IRQHandler
                0x0000000008000610                TIM21_IRQHandler
                0x0000000008000610                WWDG_IRQHandler
                0x0000000008000610                LPUART1_IRQHandler
                0x0000000008000610                TIM2_IRQHandler
                0x0000000008000610                DMA1_Channel2_3_IRQHandler
                0x0000000008000610                USART2_IRQHandler
                0x0000000008000610                FLASH_IRQHandler
                0x0000000008000610                LPTIM1_IRQHandler
 *fill*         0x0000000008000612        0x2 
 .text.__libc_init_array
                0x0000000008000614       0x48 /usr/bin/../lib/gcc/arm-none-eabi/8.2.1/../../../../arm-none-eabi/lib/thumb/v6-m/nofp/libc_nano.a(lib_a-init.o)
                0x0000000008000614                __libc_init_array
 *(.glue_7)
 .glue_7        0x000000000800065c        0x0 linker stubs
 *(.glue_7t)
 .glue_7t       0x000000000800065c        0x0 linker stubs
 *(.eh_frame)
 .eh_frame      0x000000000800065c        0x0 /usr/bin/../lib/gcc/arm-none-eabi/8.2.1/thumb/v6-m/nofp/crtbegin.o
 *(.init)
 .init          0x000000000800065c        0x4 /usr/bin/../lib/gcc/arm-none-eabi/8.2.1/thumb/v6-m/nofp/crti.o
                0x000000000800065c                _init
 .init          0x0000000008000660        0x8 /usr/bin/../lib/gcc/arm-none-eabi/8.2.1/thumb/v6-m/nofp/crtn.o
 *(.fini)
 .fini          0x0000000008000668        0x4 /usr/bin/../lib/gcc/arm-none-eabi/8.2.1/thumb/v6-m/nofp/crti.o
                0x0000000008000668                _fini
 .fini          0x000000000800066c        0x8 /usr/bin/../lib/gcc/arm-none-eabi/8.2.1/thumb/v6-m/nofp/crtn.o
                0x0000000008000674                . = ALIGN (0x4)
                0x0000000008000674                _etext = .

.vfp11_veneer   0x0000000008000674        0x0
 .vfp11_veneer  0x0000000008000674        0x0 linker stubs

.v4_bx          0x0000000008000674        0x0
 .v4_bx         0x0000000008000674        0x0 linker stubs

.iplt           0x0000000008000674        0x0
 .iplt          0x0000000008000674        0x0 /usr/bin/../lib/gcc/arm-none-eabi/8.2.1/thumb/v6-m/nofp/crtbegin.o

.rodata         0x0000000008000674       0x1c
                0x0000000008000674                . = ALIGN (0x4)
 *(.rodata)
 *(.rodata*)
 .rodata.AHBPrescTable
                0x0000000008000674       0x10 build/system_stm32l0xx.o
                0x0000000008000674                AHBPrescTable
 .rodata.PLLMulTable
                0x0000000008000684        0x9 build/system_stm32l0xx.o
                0x0000000008000684                PLLMulTable
                0x0000000008000690                . = ALIGN (0x4)
 *fill*         0x000000000800068d        0x3 

.rel.dyn        0x0000000008000690        0x0
 .rel.iplt      0x0000000008000690        0x0 /usr/bin/../lib/gcc/arm-none-eabi/8.2.1/thumb/v6-m/nofp/crtbegin.o

.ARM.extab
 *(.ARM.extab* .gnu.linkonce.armextab.*)

.ARM            0x0000000008000690        0x0
                0x0000000008000690                __exidx_start = .
 *(.ARM.exidx*)
                0x0000000008000690                __exidx_end = .

.preinit_array  0x0000000008000690        0x0
                0x0000000008000690                PROVIDE (__preinit_array_start = .)
 *(.preinit_array*)
                0x0000000008000690                PROVIDE (__preinit_array_end = .)

.init_array     0x0000000008000690        0x4
                0x0000000008000690                PROVIDE (__init_array_start = .)
 *(SORT_BY_NAME(.init_array.*))
 *(.init_array*)
 .init_array    0x0000000008000690        0x4 /usr/bin/../lib/gcc/arm-none-eabi/8.2.1/thumb/v6-m/nofp/crtbegin.o
                0x0000000008000694                PROVIDE (__init_array_end = .)

.fini_array     0x0000000008000694        0x4
                [!provide]                        PROVIDE (__fini_array_start = .)
 *(SORT_BY_NAME(.fini_array.*))
 *(.fini_array*)
 .fini_array    0x0000000008000694        0x4 /usr/bin/../lib/gcc/arm-none-eabi/8.2.1/thumb/v6-m/nofp/crtbegin.o
                [!provide]                        PROVIDE (__fini_array_end = .)
                0x0000000008000698                _sidata = LOADADDR (.data)

.data           0x0000000020000000       0x24 load address 0x0000000008000698
                0x0000000020000000                . = ALIGN (0x4)
                0x0000000020000000                _sdata = .
 *(.data)
 *(.data*)
 .data.SystemCoreClock
                0x0000000020000000        0x4 build/system_stm32l0xx.o
                0x0000000020000000                SystemCoreClock
 .data.DATA_BUFFER
                0x0000000020000004       0x1e build/neopixel.o
                0x0000000020000004                DATA_BUFFER
                0x0000000020000024                . = ALIGN (0x4)
 *fill*         0x0000000020000022        0x2 
                0x0000000020000024                _edata = .

.igot.plt       0x0000000020000024        0x0 load address 0x00000000080006bc
 .igot.plt      0x0000000020000024        0x0 /usr/bin/../lib/gcc/arm-none-eabi/8.2.1/thumb/v6-m/nofp/crtbegin.o
                0x0000000020000024                . = ALIGN (0x4)

.bss            0x0000000020000024       0x2c load address 0x00000000080006bc
                0x0000000020000024                _sbss = .
                0x0000000020000024                __bss_start__ = _sbss
 *(.bss)
 .bss           0x0000000020000024       0x1c /usr/bin/../lib/gcc/arm-none-eabi/8.2.1/thumb/v6-m/nofp/crtbegin.o
 *(.bss*)
 .bss.msTick    0x0000000020000040        0x4 build/stm32l0xx_it.o
                0x0000000020000040                msTick
 .bss.current_bit
                0x0000000020000044        0x4 build/neopixel.o
                0x0000000020000044                current_bit
 .bss.current_byte
                0x0000000020000048        0x4 build/neopixel.o
                0x0000000020000048                current_byte
 .bss.write_done
                0x000000002000004c        0x1 build/neopixel.o
                0x000000002000004c                write_done
 *(COMMON)
                0x0000000020000050                . = ALIGN (0x4)
 *fill*         0x000000002000004d        0x3 
                0x0000000020000050                _ebss = .
                0x0000000020000050                __bss_end__ = _ebss

._user_heap_stack
                0x0000000020000050      0x600 load address 0x00000000080006bc
                0x0000000020000050                . = ALIGN (0x8)
                [!provide]                        PROVIDE (end = .)
                [!provide]                        PROVIDE (_end = .)
                0x0000000020000250                . = (. + _Min_Heap_Size)
 *fill*         0x0000000020000050      0x200 
                0x0000000020000650                . = (. + _Min_Stack_Size)
 *fill*         0x0000000020000250      0x400 
                0x0000000020000650                . = ALIGN (0x8)

/DISCARD/
 libc.a(*)
 libm.a(*)
 libgcc.a(*)

.ARM.attributes
                0x0000000000000000       0x28
 *(.ARM.attributes)
 .ARM.attributes
                0x0000000000000000       0x1e /usr/bin/../lib/gcc/arm-none-eabi/8.2.1/thumb/v6-m/nofp/crti.o
 .ARM.attributes
                0x000000000000001e       0x2c /usr/bin/../lib/gcc/arm-none-eabi/8.2.1/thumb/v6-m/nofp/crtbegin.o
 .ARM.attributes
                0x000000000000004a       0x2c build/main.o
 .ARM.attributes
                0x0000000000000076       0x2c build/stm32l0xx_it.o
 .ARM.attributes
                0x00000000000000a2       0x2c build/system_stm32l0xx.o
 .ARM.attributes
                0x00000000000000ce       0x2c build/Sys.o
 .ARM.attributes
                0x00000000000000fa       0x2c build/neopixel.o
 .ARM.attributes
                0x0000000000000126       0x22 build/startup_stm32l010x4.o
 .ARM.attributes
                0x0000000000000148       0x2c /usr/bin/../lib/gcc/arm-none-eabi/8.2.1/../../../../arm-none-eabi/lib/thumb/v6-m/nofp/libc_nano.a(lib_a-init.o)
 .ARM.attributes
                0x0000000000000174       0x1e /usr/bin/../lib/gcc/arm-none-eabi/8.2.1/thumb/v6-m/nofp/libgcc.a(_udivsi3.o)
 .ARM.attributes
                0x0000000000000192       0x1e /usr/bin/../lib/gcc/arm-none-eabi/8.2.1/thumb/v6-m/nofp/libgcc.a(_dvmd_tls.o)
 .ARM.attributes
                0x00000000000001b0       0x1e /usr/bin/../lib/gcc/arm-none-eabi/8.2.1/thumb/v6-m/nofp/crtn.o
OUTPUT(build/pumpkin.elf elf32-littlearm)

.debug_info     0x0000000000000000     0x1147
 .debug_info    0x0000000000000000       0xf4 build/main.o
 .debug_info    0x00000000000000f4      0x128 build/stm32l0xx_it.o
 .debug_info    0x000000000000021c      0x356 build/system_stm32l0xx.o
 .debug_info    0x0000000000000572      0x905 build/Sys.o
 .debug_info    0x0000000000000e77      0x2ae build/neopixel.o
 .debug_info    0x0000000000001125       0x22 build/startup_stm32l010x4.o

.debug_abbrev   0x0000000000000000      0x5aa
 .debug_abbrev  0x0000000000000000       0x9d build/main.o
 .debug_abbrev  0x000000000000009d       0x8b build/stm32l0xx_it.o
 .debug_abbrev  0x0000000000000128      0x11b build/system_stm32l0xx.o
 .debug_abbrev  0x0000000000000243      0x218 build/Sys.o
 .debug_abbrev  0x000000000000045b      0x13d build/neopixel.o
 .debug_abbrev  0x0000000000000598       0x12 build/startup_stm32l010x4.o

.debug_loc      0x0000000000000000      0x30a
 .debug_loc     0x0000000000000000       0x20 build/main.o
 .debug_loc     0x0000000000000020      0x1fe build/system_stm32l0xx.o
 .debug_loc     0x000000000000021e       0x82 build/Sys.o
 .debug_loc     0x00000000000002a0       0x6a build/neopixel.o

.debug_aranges  0x0000000000000000      0x128
 .debug_aranges
                0x0000000000000000       0x20 build/main.o
 .debug_aranges
                0x0000000000000020       0x48 build/stm32l0xx_it.o
 .debug_aranges
                0x0000000000000068       0x28 build/system_stm32l0xx.o
 .debug_aranges
                0x0000000000000090       0x40 build/Sys.o
 .debug_aranges
                0x00000000000000d0       0x30 build/neopixel.o
 .debug_aranges
                0x0000000000000100       0x28 build/startup_stm32l010x4.o

.debug_ranges   0x0000000000000000       0xd0
 .debug_ranges  0x0000000000000000       0x10 build/main.o
 .debug_ranges  0x0000000000000010       0x38 build/stm32l0xx_it.o
 .debug_ranges  0x0000000000000048       0x18 build/system_stm32l0xx.o
 .debug_ranges  0x0000000000000060       0x30 build/Sys.o
 .debug_ranges  0x0000000000000090       0x20 build/neopixel.o
 .debug_ranges  0x00000000000000b0       0x20 build/startup_stm32l010x4.o

.debug_line     0x0000000000000000      0x996
 .debug_line    0x0000000000000000       0xd0 build/main.o
 .debug_line    0x00000000000000d0      0x130 build/stm32l0xx_it.o
 .debug_line    0x0000000000000200      0x1ff build/system_stm32l0xx.o
 .debug_line    0x00000000000003ff      0x34d build/Sys.o
 .debug_line    0x000000000000074c      0x1c1 build/neopixel.o
 .debug_line    0x000000000000090d       0x89 build/startup_stm32l010x4.o

.debug_str      0x0000000000000000      0x65f
 .debug_str     0x0000000000000000      0x15c build/main.o
                                        0x198 (size before relaxing)
 .debug_str     0x000000000000015c       0x7c build/stm32l0xx_it.o
                                        0x1d8 (size before relaxing)
 .debug_str     0x00000000000001d8      0x12e build/system_stm32l0xx.o
                                        0x2a7 (size before relaxing)
 .debug_str     0x0000000000000306      0x2e1 build/Sys.o
                                        0x565 (size before relaxing)
 .debug_str     0x00000000000005e7       0x53 build/neopixel.o
                                        0x243 (size before relaxing)
 .debug_str     0x000000000000063a       0x25 build/startup_stm32l010x4.o
                                         0x42 (size before relaxing)

.comment        0x0000000000000000       0x75
 .comment       0x0000000000000000       0x75 build/main.o
                                         0x76 (size before relaxing)
 .comment       0x0000000000000075       0x76 build/stm32l0xx_it.o
 .comment       0x0000000000000075       0x76 build/system_stm32l0xx.o
 .comment       0x0000000000000075       0x76 build/Sys.o
 .comment       0x0000000000000075       0x76 build/neopixel.o

.debug_frame    0x0000000000000000      0x1f4
 .debug_frame   0x0000000000000000       0x2c build/main.o
 .debug_frame   0x000000000000002c       0x70 build/stm32l0xx_it.o
 .debug_frame   0x000000000000009c       0x3c build/system_stm32l0xx.o
 .debug_frame   0x00000000000000d8       0x78 build/Sys.o
 .debug_frame   0x0000000000000150       0x58 build/neopixel.o
 .debug_frame   0x00000000000001a8       0x2c /usr/bin/../lib/gcc/arm-none-eabi/8.2.1/../../../../arm-none-eabi/lib/thumb/v6-m/nofp/libc_nano.a(lib_a-init.o)
 .debug_frame   0x00000000000001d4       0x20 /usr/bin/../lib/gcc/arm-none-eabi/8.2.1/thumb/v6-m/nofp/libgcc.a(_udivsi3.o)

Cross Reference Table

Symbol                                            File
ADC1_IRQHandler                                   build/startup_stm32l010x4.o
AHBPrescTable                                     build/system_stm32l0xx.o
APBPrescTable                                     build/system_stm32l0xx.o
DATA_BUFFER                                       build/neopixel.o
DMA1_Channel1_IRQHandler                          build/startup_stm32l010x4.o
DMA1_Channel2_3_IRQHandler                        build/startup_stm32l010x4.o
DMA1_Channel4_5_IRQHandler                        build/startup_stm32l010x4.o
Default_Handler                                   build/startup_stm32l010x4.o
EXTI0_1_IRQHandler                                build/startup_stm32l010x4.o
EXTI2_3_IRQHandler                                build/startup_stm32l010x4.o
EXTI4_15_IRQHandler                               build/startup_stm32l010x4.o
FLASH_IRQHandler                                  build/startup_stm32l010x4.o
HardFault_Handler                                 build/stm32l0xx_it.o
I2C1_IRQHandler                                   build/startup_stm32l010x4.o
InitClocks                                        build/Sys.o
InitGPIO                                          build/Sys.o
InitSPI                                           build/Sys.o
InitSys                                           build/Sys.o
                                                  build/main.o
LPTIM1_IRQHandler                                 build/startup_stm32l010x4.o
LPUART1_IRQHandler                                build/startup_stm32l010x4.o
NMI_Handler                                       build/stm32l0xx_it.o
PLLMulTable                                       build/system_stm32l0xx.o
PendSV_Handler                                    build/stm32l0xx_it.o
RCC_IRQHandler                                    build/startup_stm32l010x4.o
RTC_IRQHandler                                    build/startup_stm32l010x4.o
Reset_Handler                                     build/startup_stm32l010x4.o
SPI1_IRQHandler                                   build/neopixel.o
SVC_Handler                                       build/stm32l0xx_it.o
SpiWrite                                          build/Sys.o
                                                  build/neopixel.o
SysTick_Handler                                   build/stm32l0xx_it.o
SystemCoreClock                                   build/system_stm32l0xx.o
SystemCoreClockUpdate                             build/system_stm32l0xx.o
                                                  build/Sys.o
SystemInit                                        build/system_stm32l0xx.o
                                                  build/startup_stm32l010x4.o
                                                  build/Sys.o
TIM21_IRQHandler                                  build/startup_stm32l010x4.o
TIM2_IRQHandler                                   build/startup_stm32l010x4.o
USART2_IRQHandler                                 build/startup_stm32l010x4.o
WWDG_IRQHandler                                   build/startup_stm32l010x4.o
__aeabi_idiv0                                     /usr/bin/../lib/gcc/arm-none-eabi/8.2.1/thumb/v6-m/nofp/libgcc.a(_dvmd_tls.o)
                                                  /usr/bin/../lib/gcc/arm-none-eabi/8.2.1/thumb/v6-m/nofp/libgcc.a(_udivsi3.o)
__aeabi_ldiv0                                     /usr/bin/../lib/gcc/arm-none-eabi/8.2.1/thumb/v6-m/nofp/libgcc.a(_dvmd_tls.o)
__aeabi_uidiv                                     /usr/bin/../lib/gcc/arm-none-eabi/8.2.1/thumb/v6-m/nofp/libgcc.a(_udivsi3.o)
                                                  build/system_stm32l0xx.o
__aeabi_uidivmod                                  /usr/bin/../lib/gcc/arm-none-eabi/8.2.1/thumb/v6-m/nofp/libgcc.a(_udivsi3.o)
__bss_end__                                       /usr/bin/../lib/gcc/arm-none-eabi/8.2.1/../../../../arm-none-eabi/lib/thumb/v6-m/nofp/crt0.o
__bss_start__                                     /usr/bin/../lib/gcc/arm-none-eabi/8.2.1/../../../../arm-none-eabi/lib/thumb/v6-m/nofp/crt0.o
__call_exitprocs                                  /usr/bin/../lib/gcc/arm-none-eabi/8.2.1/../../../../arm-none-eabi/lib/thumb/v6-m/nofp/libc_nano.a(lib_a-exit.o)
__deregister_frame_info                           /usr/bin/../lib/gcc/arm-none-eabi/8.2.1/thumb/v6-m/nofp/crtbegin.o
__dso_handle                                      /usr/bin/../lib/gcc/arm-none-eabi/8.2.1/thumb/v6-m/nofp/crtbegin.o
__init_array_end                                  /usr/bin/../lib/gcc/arm-none-eabi/8.2.1/../../../../arm-none-eabi/lib/thumb/v6-m/nofp/libc_nano.a(lib_a-init.o)
__init_array_start                                /usr/bin/../lib/gcc/arm-none-eabi/8.2.1/../../../../arm-none-eabi/lib/thumb/v6-m/nofp/libc_nano.a(lib_a-init.o)
__libc_fini_array                                 /usr/bin/../lib/gcc/arm-none-eabi/8.2.1/../../../../arm-none-eabi/lib/thumb/v6-m/nofp/crt0.o
__libc_init_array                                 /usr/bin/../lib/gcc/arm-none-eabi/8.2.1/../../../../arm-none-eabi/lib/thumb/v6-m/nofp/libc_nano.a(lib_a-init.o)
                                                  build/startup_stm32l010x4.o
                                                  /usr/bin/../lib/gcc/arm-none-eabi/8.2.1/../../../../arm-none-eabi/lib/thumb/v6-m/nofp/crt0.o
__preinit_array_end                               /usr/bin/../lib/gcc/arm-none-eabi/8.2.1/../../../../arm-none-eabi/lib/thumb/v6-m/nofp/libc_nano.a(lib_a-init.o)
__preinit_array_start                             /usr/bin/../lib/gcc/arm-none-eabi/8.2.1/../../../../arm-none-eabi/lib/thumb/v6-m/nofp/libc_nano.a(lib_a-init.o)
__register_frame_info                             /usr/bin/../lib/gcc/arm-none-eabi/8.2.1/thumb/v6-m/nofp/crtbegin.o
__sf_fake_stderr                                  /usr/bin/../lib/gcc/arm-none-eabi/8.2.1/../../../../arm-none-eabi/lib/thumb/v6-m/nofp/libc_nano.a(lib_a-impure.o)
__sf_fake_stdin                                   /usr/bin/../lib/gcc/arm-none-eabi/8.2.1/../../../../arm-none-eabi/lib/thumb/v6-m/nofp/libc_nano.a(lib_a-impure.o)
__sf_fake_stdout                                  /usr/bin/../lib/gcc/arm-none-eabi/8.2.1/../../../../arm-none-eabi/lib/thumb/v6-m/nofp/libc_nano.a(lib_a-impure.o)
__stack                                           /usr/bin/../lib/gcc/arm-none-eabi/8.2.1/../../../../arm-none-eabi/lib/thumb/v6-m/nofp/crt0.o
__udivsi3                                         /usr/bin/../lib/gcc/arm-none-eabi/8.2.1/thumb/v6-m/nofp/libgcc.a(_udivsi3.o)
_ebss                                             build/startup_stm32l010x4.o
_edata                                            build/startup_stm32l010x4.o
_estack                                           build/startup_stm32l010x4.o
_exit                                             /usr/bin/../lib/gcc/arm-none-eabi/8.2.1/../../../../arm-none-eabi/lib/thumb/v6-m/nofp/libnosys.a(_exit.o)
                                                  /usr/bin/../lib/gcc/arm-none-eabi/8.2.1/../../../../arm-none-eabi/lib/thumb/v6-m/nofp/libc_nano.a(lib_a-exit.o)
_fini                                             /usr/bin/../lib/gcc/arm-none-eabi/8.2.1/thumb/v6-m/nofp/crti.o
_global_impure_ptr                                /usr/bin/../lib/gcc/arm-none-eabi/8.2.1/../../../../arm-none-eabi/lib/thumb/v6-m/nofp/libc_nano.a(lib_a-impure.o)
                                                  /usr/bin/../lib/gcc/arm-none-eabi/8.2.1/../../../../arm-none-eabi/lib/thumb/v6-m/nofp/libc_nano.a(lib_a-exit.o)
_impure_ptr                                       /usr/bin/../lib/gcc/arm-none-eabi/8.2.1/../../../../arm-none-eabi/lib/thumb/v6-m/nofp/libc_nano.a(lib_a-impure.o)
_init                                             /usr/bin/../lib/gcc/arm-none-eabi/8.2.1/thumb/v6-m/nofp/crti.o
                                                  /usr/bin/../lib/gcc/arm-none-eabi/8.2.1/../../../../arm-none-eabi/lib/thumb/v6-m/nofp/libc_nano.a(lib_a-init.o)
_mainCRTStartup                                   /usr/bin/../lib/gcc/arm-none-eabi/8.2.1/../../../../arm-none-eabi/lib/thumb/v6-m/nofp/crt0.o
_sbss                                             build/startup_stm32l010x4.o
_sdata                                            build/startup_stm32l010x4.o
_sidata                                           build/startup_stm32l010x4.o
_start                                            /usr/bin/../lib/gcc/arm-none-eabi/8.2.1/../../../../arm-none-eabi/lib/thumb/v6-m/nofp/crt0.o
atexit                                            /usr/bin/../lib/gcc/arm-none-eabi/8.2.1/../../../../arm-none-eabi/lib/thumb/v6-m/nofp/crt0.o
current_bit                                       build/neopixel.o
current_byte                                      build/neopixel.o
exit                                              /usr/bin/../lib/gcc/arm-none-eabi/8.2.1/../../../../arm-none-eabi/lib/thumb/v6-m/nofp/libc_nano.a(lib_a-exit.o)
                                                  /usr/bin/../lib/gcc/arm-none-eabi/8.2.1/../../../../arm-none-eabi/lib/thumb/v6-m/nofp/crt0.o
g_pfnVectors                                      build/startup_stm32l010x4.o
getNextDat                                        build/neopixel.o
getTicks                                          build/stm32l0xx_it.o
hardware_init_hook                                /usr/bin/../lib/gcc/arm-none-eabi/8.2.1/../../../../arm-none-eabi/lib/thumb/v6-m/nofp/crt0.o
main                                              build/main.o
                                                  build/startup_stm32l010x4.o
                                                  /usr/bin/../lib/gcc/arm-none-eabi/8.2.1/../../../../arm-none-eabi/lib/thumb/v6-m/nofp/crt0.o
memset                                            /usr/bin/../lib/gcc/arm-none-eabi/8.2.1/../../../../arm-none-eabi/lib/thumb/v6-m/nofp/libc_nano.a(lib_a-memset.o)
                                                  /usr/bin/../lib/gcc/arm-none-eabi/8.2.1/../../../../arm-none-eabi/lib/thumb/v6-m/nofp/crt0.o
msTick                                            build/stm32l0xx_it.o
software_init_hook                                /usr/bin/../lib/gcc/arm-none-eabi/8.2.1/../../../../arm-none-eabi/lib/thumb/v6-m/nofp/crt0.o
writeData                                         build/neopixel.o
                                                  build/main.o
write_done                                        build/neopixel.o
